IndentationError: unexpected indent

NameError: name 'Anand' is not defined

SyntaxError: can't assign to operator

TypeError: 'tuple' object does not support item assignment

operator in, not in error:
    TypeError: argument of type 'int' is not iterable

set access error:
    TypeError: 'set' object is not subscriptable

typecasting from string to float
    ValueError: could not convert string to float: 'a'

When you try modify string using index 
    TypeError: 'str' object does not support item assignment
